// Vitest Snapshot v1, https://vitest.dev/guide/snapshot.html

exports[`MacroRing > matches snapshot at 50% 1`] = `"<svg class="shrink-0" width="120" height="120" viewBox="0 0 120 120" role="img" aria-label="1100 de 2200 kcal, Calorías"><circle cx="60" cy="60" r="50" fill="none" stroke="#f43f5e" stroke-width="10" opacity="0.2"></circle><circle cx="60" cy="60" r="50" fill="none" stroke="#22c55e" stroke-width="10" stroke-linecap="round" stroke-dasharray="314.1592653589793" stroke-dashoffset="314.1592653589793" transform="rotate(-90 60 60)" style="transition: stroke-dashoffset 300ms ease-out;"></circle><text x="60" y="54" text-anchor="middle" class="fill-foreground" style="font-size: 28px; font-weight: 700; font-variation-settings: 'wght' 700;">1100</text><text x="60" y="76" text-anchor="middle" class="fill-muted-foreground" style="font-size: 12px;">/ 2200 kcal</text></svg>"`;
